// Jest Snapshot v1, https://goo.gl/fbAQLP

exports[`Description Block should match snapshot 1`] = `undefined`;
