// Jest Snapshot v1, https://goo.gl/fbAQLP

exports[`Info Card should match snapshot 1`] = `
<View
  style={
    {
      "backgroundColor": "#ffffff",
      "borderColor": "#e1e1e1",
      "borderRadius": 3,
      "borderWidth": 2,
      "height": 170,
      "justifyContent": "space-between",
      "marginRight": 14,
      "width": 321,
    }
  }
>
  <View
    style={
      {
        "paddingLeft": 12,
        "paddingRight": 12,
      }
    }
  >
    <Text
      style={
        {
          "color": "#0288d1",
          "fontSize": 16,
          "paddingTop": 12,
        }
      }
      testID="carName"
    >
      VXi S-CNG
    </Text>
    <View
      style={
        {
          "flexDirection": "row",
          "flexWrap": "wrap",
          "justifyContent": "space-between",
          "paddingTop": 8,
          "width": 233,
        }
      }
    >
      <Text
        style={
          {
            "color": "#aaaaaa",
            "fontSize": 13,
          }
        }
      >
        56 bhp
      </Text>
      <Text
        style={
          {
            "color": "#aaaaaa",
            "fontSize": 13,
          }
        }
      >
        998 cc
      </Text>
      <Text
        style={
          {
            "color": "#aaaaaa",
            "fontSize": 13,
          }
        }
      >
        Manual
      </Text>
      <Text
        style={
          {
            "color": "#aaaaaa",
            "fontSize": 13,
          }
        }
      >
         CNG 
      </Text>
    </View>
    <View>
      <View
        style={
          {
            "flexDirection": "row",
            "justifyContent": "space-between",
            "paddingTop": 16,
          }
        }
      >
        <Text
          style={
            {
              "color": "#484848",
              "fontSize": 16,
              "fontWeight": "bold",
            }
          }
        >
          Rs. 6,91,983
        </Text>
        <Text
          style={
            {
              "alignSelf": "flex-end",
              "color": "#0288d1",
              "fontSize": 13,
            }
          }
        >
          Show price in my city
        </Text>
        <Text
          style={
            {
              "alignSelf": "flex-end",
              "color": "#aaaaaa",
              "fontSize": 13,
              "fontStyle": "italic",
            }
          }
        >
          EMI
        </Text>
      </View>
      <View
        style={
          {
            "flexDirection": "row",
            "height": 20,
            "justifyContent": "space-between",
            "paddingTop": 4,
          }
        }
      >
        <Text
          style={
            {
              "alignSelf": "flex-end",
              "color": "#aaaaaa",
              "fontSize": 12,
            }
          }
        >
          Avg.Ex-Showroom Price
        </Text>
        <Text
          style={
            {
              "fontStyle": "italic",
            }
          }
        >
          Rs. 12,497
        </Text>
      </View>
    </View>
  </View>
  <View
    style={
      {
        "backgroundColor": "#f9f9f9",
        "borderRadius": 2,
        "flexDirection": "row",
        "height": 40,
        "justifyContent": "space-between",
      }
    }
  >
    <View
      accessibilityState={
        {
          "busy": undefined,
          "checked": undefined,
          "disabled": undefined,
          "expanded": undefined,
          "selected": undefined,
        }
      }
      accessibilityValue={
        {
          "max": undefined,
          "min": undefined,
          "now": undefined,
          "text": undefined,
        }
      }
      accessible={true}
      collapsable={false}
      focusable={true}
      onClick={[Function]}
      onResponderGrant={[Function]}
      onResponderMove={[Function]}
      onResponderRelease={[Function]}
      onResponderTerminate={[Function]}
      onResponderTerminationRequest={[Function]}
      onStartShouldSetResponder={[Function]}
      style={
        {
          "justifyContent": "center",
          "opacity": 1,
        }
      }
      testID="shortlistOptionButton"
    >
      <View
        style={
          {
            "alignItems": "center",
            "flexDirection": "row",
            "justifyContent": "center",
            "width": 120,
          }
        }
        testID="shortlistOption"
      >
        <Text
          allowFontScaling={false}
          selectable={false}
          style={
            [
              {
                "color": "#6f6f6f",
                "fontSize": 15,
              },
              undefined,
              {
                "fontFamily": "FontAwesome",
                "fontStyle": "normal",
                "fontWeight": "normal",
              },
              {},
            ]
          }
        >
          
        </Text>
        <Text
          style={
            {
              "color": "#6f6f6f",
              "paddingLeft": 4,
            }
          }
        >
          Shortlist
        </Text>
      </View>
    </View>
    <View
      style={
        {
          "alignSelf": "center",
          "backgroundColor": "#e1e1e1",
          "height": 20,
          "width": 1,
        }
      }
    />
    <View
      accessibilityState={
        {
          "busy": undefined,
          "checked": undefined,
          "disabled": undefined,
          "expanded": undefined,
          "selected": undefined,
        }
      }
      accessibilityValue={
        {
          "max": undefined,
          "min": undefined,
          "now": undefined,
          "text": undefined,
        }
      }
      accessible={true}
      collapsable={false}
      focusable={true}
      onClick={[Function]}
      onResponderGrant={[Function]}
      onResponderMove={[Function]}
      onResponderRelease={[Function]}
      onResponderTerminate={[Function]}
      onResponderTerminationRequest={[Function]}
      onStartShouldSetResponder={[Function]}
      style={
        {
          "justifyContent": "center",
          "opacity": 1,
        }
      }
      testID="compareOptionButton"
    >
      <View
        style={
          {
            "alignSelf": "center",
            "flexDirection": "row",
            "justifyContent": "center",
            "width": 200,
          }
        }
        testID="compareOption"
      >
        <Text
          allowFontScaling={false}
          selectable={false}
          style={
            [
              {
                "color": "#6f6f6f",
                "fontSize": 13,
              },
              undefined,
              {
                "fontFamily": "FontAwesome",
                "fontStyle": "normal",
                "fontWeight": "normal",
              },
              {},
            ]
          }
        >
          
        </Text>
        <Text
          style={
            {
              "color": "#6f6f6f",
              "paddingLeft": 4,
            }
          }
        >
          Add to Compare
        </Text>
      </View>
    </View>
  </View>
</View>
`;
