// Jest Snapshot v1, https://goo.gl/fbAQLP

exports[`Top Row  should match snapshot 1`] = `
<View
  style={
    [
      {
        "flexDirection": "row",
      },
      {
        "justifyContent": "space-between",
      },
      {
        "alignItems": "center",
        "paddingBottom": 15,
        "paddingLeft": 15,
        "paddingRight": 15,
      },
    ]
  }
>
  <Image
    source={
      {
        "uri": "https://imgd.aeplcdn.com/310x174/n/cw/ec/130591/fronx-exterior-right-front-three-quarter-109.jpeg?isig=0&q=80",
      }
    }
    style={
      {
        "height": 73,
        "width": 130,
      }
    }
    testID="image"
  />
  <View>
    <Text
      style={
        {
          "color": "#aaaaaa",
          "fontSize": 13,
        }
      }
      testID="mkName"
    >
      Mahindra
    </Text>
    <Text
      style={
        {
          "color": "#484848",
          "fontSize": 18,
          "fontWeight": "600",
        }
      }
      testID="mdName"
    >
      Thar
    </Text>
  </View>
  <Text
    allowFontScaling={false}
    selectable={false}
    style={
      [
        {
          "color": "#6f6f6f",
          "fontSize": 24,
        },
        undefined,
        {
          "fontFamily": "entypo",
          "fontStyle": "normal",
          "fontWeight": "normal",
        },
        {},
      ]
    }
  >
    ï…ƒ
  </Text>
</View>
`;
